#-----------------------------------------------------------
# Vivado v2023.2 (64-bit)
# SW Build 4029153 on Fri Oct 13 20:14:34 MDT 2023
# IP Build 4028589 on Sat Oct 14 00:45:43 MDT 2023
# SharedData Build 4025554 on Tue Oct 10 17:18:54 MDT 2023
# Start of session at: Mon Apr 15 22:14:39 2024
# Process ID: 13256
# Current directory: D:/University/CS/major-courses/dld/labs/reports/lab7/Mux4to1b4_sch/Mux4to1b4_sch.runs/synth_1
# Command line: vivado.exe -log Mux4to1b4.vds -product Vivado -mode batch -messageDb vivado.pb -notrace -source Mux4to1b4.tcl
# Log file: D:/University/CS/major-courses/dld/labs/reports/lab7/Mux4to1b4_sch/Mux4to1b4_sch.runs/synth_1/Mux4to1b4.vds
# Journal file: D:/University/CS/major-courses/dld/labs/reports/lab7/Mux4to1b4_sch/Mux4to1b4_sch.runs/synth_1\vivado.jou
# Running On: LAPTOP-P3519Q3B, OS: Windows, CPU Frequency: 2918 MHz, CPU Physical cores: 14, Host memory: 16788 MB
#-----------------------------------------------------------
source Mux4to1b4.tcl -notrace
