#-----------------------------------------------------------
# Vivado v2023.2 (64-bit)
# SW Build 4029153 on Fri Oct 13 20:14:34 MDT 2023
# IP Build 4028589 on Sat Oct 14 00:45:43 MDT 2023
# SharedData Build 4025554 on Tue Oct 10 17:18:54 MDT 2023
# Start of session at: Mon Sep  9 17:09:31 2024
# Process ID: 16620
# Current directory: D:/University/CS/major-courses/computer-organization--D2QD/lab/slides/Lab0 Vivado介绍和模块封装/OExp00/Water_LED
# Command line: vivado.exe -gui_launcher_event rodinguilauncherevent18660 D:\University\CS\major-courses\computer-organization--D2QD\lab\slides\Lab0 Vivado介绍和模块封装\OExp00\Water_LED\Water_LED.xpr
# Log file: D:/University/CS/major-courses/computer-organization--D2QD/lab/slides/Lab0 Vivado介绍和模块封装/OExp00/Water_LED/vivado.log
# Journal file: D:/University/CS/major-courses/computer-organization--D2QD/lab/slides/Lab0 Vivado介绍和模块封装/OExp00/Water_LED\vivado.jou
# Running On: NULL, OS: Windows, CPU Frequency: 2918 MHz, CPU Physical cores: 14, Host memory: 16788 MB
#-----------------------------------------------------------
start_gui
open_project {D:/University/CS/major-courses/computer-organization--D2QD/lab/slides/Lab0 Vivado介绍和模块封装/OExp00/Water_LED/Water_LED.xpr}
update_compile_order -fileset sources_1
open_hw_manager
connect_hw_server -allow_non_jtag
disconnect_hw_server localhost:3121
connect_hw_server -allow_non_jtag
close_hw_manager
open_hw_manager
connect_hw_server -allow_non_jtag
